// Jest Snapshot v1, https://goo.gl/fbAQLP

exports[`Error404 Page:  should be displayed correctly 1`] = `
<div>
  <h1>
    Error404...
  </h1>
</div>
`;
