// Jest Snapshot v1, https://goo.gl/fbAQLP

exports[`Home Page:  should be displayed correctly 1`] = `
<div
  className="container-home"
>
  <div
    className="container-loading"
  >
    <div
      key="0"
    >
      <div
        className="ui doubling stackable three cards"
      >
        <div
          className="ui card"
          onClick={[Function]}
        >
          <div
            className="ui placeholder"
          >
            <div
              className="square image"
            />
          </div>
          <div
            className="content"
          >
            <div
              className="ui placeholder"
            >
              <div
                className="header"
              >
                <div
                  className="line very short"
                />
                <div
                  className="line medium"
                />
              </div>
              <div
                className="paragraph"
              >
                <div
                  className="line short"
                />
              </div>
            </div>
          </div>
        </div>
        <div
          className="ui card"
          onClick={[Function]}
        >
          <div
            className="ui placeholder"
          >
            <div
              className="square image"
            />
          </div>
          <div
            className="content"
          >
            <div
              className="ui placeholder"
            >
              <div
                className="header"
              >
                <div
                  className="line very short"
                />
                <div
                  className="line medium"
                />
              </div>
              <div
                className="paragraph"
              >
                <div
                  className="line short"
                />
              </div>
            </div>
          </div>
        </div>
        <div
          className="ui card"
          onClick={[Function]}
        >
          <div
            className="ui placeholder"
          >
            <div
              className="square image"
            />
          </div>
          <div
            className="content"
          >
            <div
              className="ui placeholder"
            >
              <div
                className="header"
              >
                <div
                  className="line very short"
                />
                <div
                  className="line medium"
                />
              </div>
              <div
                className="paragraph"
              >
                <div
                  className="line short"
                />
              </div>
            </div>
          </div>
        </div>
      </div>
    </div>
    <div
      key="1"
    >
      <div
        className="ui doubling stackable three cards"
      >
        <div
          className="ui card"
          onClick={[Function]}
        >
          <div
            className="ui placeholder"
          >
            <div
              className="square image"
            />
          </div>
          <div
            className="content"
          >
            <div
              className="ui placeholder"
            >
              <div
                className="header"
              >
                <div
                  className="line very short"
                />
                <div
                  className="line medium"
                />
              </div>
              <div
                className="paragraph"
              >
                <div
                  className="line short"
                />
              </div>
            </div>
          </div>
        </div>
        <div
          className="ui card"
          onClick={[Function]}
        >
          <div
            className="ui placeholder"
          >
            <div
              className="square image"
            />
          </div>
          <div
            className="content"
          >
            <div
              className="ui placeholder"
            >
              <div
                className="header"
              >
                <div
                  className="line very short"
                />
                <div
                  className="line medium"
                />
              </div>
              <div
                className="paragraph"
              >
                <div
                  className="line short"
                />
              </div>
            </div>
          </div>
        </div>
        <div
          className="ui card"
          onClick={[Function]}
        >
          <div
            className="ui placeholder"
          >
            <div
              className="square image"
            />
          </div>
          <div
            className="content"
          >
            <div
              className="ui placeholder"
            >
              <div
                className="header"
              >
                <div
                  className="line very short"
                />
                <div
                  className="line medium"
                />
              </div>
              <div
                className="paragraph"
              >
                <div
                  className="line short"
                />
              </div>
            </div>
          </div>
        </div>
      </div>
    </div>
  </div>
</div>
`;
